git命令：
首先感谢廖老师，看到了另一个世界啊。

-------------------------------------------------------------------------------------------
创建版本库：

1.创建一个版本库非常简单，首先，选择一个合适的地方，创建一个空目录：

$ mkdir learngit
$ cd learngit

$ pwd
/Users/michael/learngit

pwd命令用于显示当前目录。在我的Mac上，这个仓库位于/Users/michael/learngit。

2.通过git init命令把这个目录变成Git可以管理的仓库：

$ git init
Initialized empty Git repository in /Users/michael/learngit/.git/

3.用命令git add告诉Git，把文件添加到仓库：

$ git add readme.txt

执行上面的命令，没有任何显示，这就对了，Unix的哲学是“没有消息就是好消息”，说明添加成功。

4.用命令git commit告诉Git，把文件提交到仓库：

$ git commit -m "wrote a readme file"
---------------------------------------------------------------------------------------

5.要随时掌握工作区的状态，使用git status命令。

6.如果git status告诉你有文件被修改过，用git diff可以查看修改内容。

-------------------------------------------------------------------------------------
版本回退：

7.HEAD指向的版本就是当前版本，因此，Git允许我们在版本的历史之间穿梭，使用命令git reset --hard commit_id。
上一个版本就是HEAD^，上上一个版本就是HEAD^^，当然往上100个版本写100个^比较容易数不过来，所以写成HEAD~100

8.穿梭前，用git log可以查看提交历史，以便确定要回退到哪个版本。如果嫌输出信息太多，看得眼花缭乱的，可以试试加上--pretty=oneline参数

9.要重返未来，用git reflog查看命令历史，以便确定要回到未来的哪个版本。

10.看看readme.txt的内容：

$ cat readme.txt
-----------------------------------------------------------------------------------------------
11.管理修改：
git diff HEAD -- readme.txt命令可以查看工作区和版本库里面最新版本的区别

----------------------------------------------------------------------------------------------
12.撤销修改：
命令git checkout -- readme.txt意思就是，把readme.txt文件在工作区的修改全部撤销，这里有两种情况：

一种是readme.txt自修改后还没有被放到暂存区，现在，撤销修改就回到和版本库一模一样的状态；

一种是readme.txt已经添加到暂存区后，又作了修改，现在，撤销修改就回到添加到暂存区后的状态。

总之，就是让这个文件回到最近一次git commit或git add时的状态
总结：

场景1：当你改乱了工作区某个文件的内容，想直接丢弃工作区的修改时，用命令git checkout -- file。

场景2：当你不但改乱了工作区某个文件的内容，还添加到了暂存区时，想丢弃修改，分两步，第一步用命令git reset HEAD file，就回到了场景1，第二步按场景1操作。

场景3：已经提交了不合适的修改到版本库时，想要撤销本次提交，参考版本回退一节，不过前提是没有推送到远程库。
-----------------------------------------------------------------------------------------------------------------
14.删除文件
命令git rm用于删除一个文件
现在你有两个选择，一是确实要从版本库中删除该文件，那就用命令git rm删掉，并且git commit：

$ git rm test.txt
$ git commit -m "remove test.txt"

现在，文件就从版本库中被删除了。

另一种情况是删错了，因为版本库里还有呢，所以可以很轻松地把误删的文件恢复到最新版本：

$ git checkout -- test.txt

git checkout其实是用版本库里的版本替换工作区的版本，无论工作区是修改还是删除，都可以“一键还原”。
-------------------------------------------------------------------------------------------------------------------
15.添加远程库

在本地的learngit仓库下运行命令：
要关联一个远程库：
$ git remote add origin git@github.com:xxx/learngit.git
然后把本地库的所有内容推送到远程库上
$ git push -u origin master
之中回报错误，执行以下命令：git pull --rebase origin master
然后再执行$ git push -u origin master

从现在起，只要本地作了提交，就可以通过命令：

$ git push origin master
--------------------------------------------------------------------------------------------------------------------
16.从远程库克隆

要克隆一个仓库，首先必须知道仓库的地址，然后使用git clone命令克隆。

Git支持多种协议，包括https，但通过ssh支持的原生git协议速度最快。
--------------------------------------------------------------------------------------------------------------------
17.创建与合并分支

Git鼓励大量使用分支：

查看分支：git branch

创建分支：git branch <name>

切换分支：git checkout <name>

创建+切换分支：git checkout -b <name>

合并某分支到当前分支：git merge <name>

删除分支：git branch -d <name>
-------------------------------------------------------------------------------------------------------------------
18.解决冲突
用带参数的git log也可以看到分支的合并情况：

git log --pretty=oneline --abbrev-commit

$ git log --graph --pretty=oneline --abbrev-commit
*   59bc1cb conflict fixed
|\
| * 75a857c AND simple
* | 400b400 & simple
|/
* fec145a branch test
...

最后，删除feature1分支：

$ git branch -d feature1
--------------------------------------------------------------------------------------------------------------------
19.分支管理策略
合并分支时，加上--no-ff参数就可以用普通模式合并，合并后的历史有分支，能看出来曾经做过合并，而fast forward合并就看不出来曾经做过合并
-----------------------------------------------------------------------------------------------------------------------------------
20.Bug分支

Git还提供了一个stash功能，可以把当前工作现场“储藏”起来，等以后恢复现场后继续工作：

$ git stash
Saved working directory and index state WIP on dev: 6224937 add merge
HEAD is now at 6224937 add merge

现在，用git status查看工作区，就是干净的（除非有没有被Git管理的文件），因此可以放心地创建分支来修复bug。


工作区是干净的，刚才的工作现场存到哪去了？用git stash list命令看看：

$ git stash list
stash@{0}: WIP on dev: 6224937 add merge

工作现场还在，Git把stash内容存在某个地方了，但是需要恢复一下，有两个办法：

一是用git stash apply恢复，但是恢复后，stash内容并不删除，你需要用git stash drop来删除；

另一种方式是用git stash pop，恢复的同时把stash内容也删了：

$ git stash pop
# On branch dev
# Changes to be committed:
#   (use "git reset HEAD <file>..." to unstage)
#
#       new file:   hello.py
#
# Changes not staged for commit:
#   (use "git add <file>..." to update what will be committed)
#   (use "git checkout -- <file>..." to discard changes in working directory)
#
#       modified:   readme.txt
#
Dropped refs/stash@{0} (f624f8e5f082f2df2bed8a4e09c12fd2943bdd40)

再用git stash list查看，就看不到任何stash内容了：

$ git stash list

你可以多次stash，恢复的时候，先用git stash list查看，然后恢复指定的stash，用命令：

$ git stash apply stash@{0}
--------------------------------------------------------------------------------------------------------------------------
21.Feature分支（功能）

开发一个新feature，最好新建一个分支；

如果要丢弃一个没有被合并过的分支，可以通过git branch -D <name>强行删除。

---------------------------------------------------------------------------------------------------------------------------
22.多人协作

    查看远程库信息，使用git remote -v；

    本地新建的分支如果不推送到远程，对其他人就是不可见的；

    从本地推送分支，使用git push origin branch-name，如果推送失败，先用git pull抓取远程的新提交；

    在本地创建和远程分支对应的分支，使用git checkout -b branch-name origin/branch-name，本地和远程分支的名称最好一致；

    建立本地分支和远程分支的关联，使用git branch --set-upstream branch-name origin/branch-name；

    从远程抓取分支，使用git pull，如果有冲突，要先处理冲突。

-------------------------------------------------------------------------------------------------------------------------------
23.创建标签：

    命令git tag <name>用于新建一个标签，默认为HEAD，也可以指定一个commit id；

    git tag -a <tagname> -m "blablabla..."可以指定标签信息；

    git tag -s <tagname> -m "blablabla..."可以用PGP签名标签；

    命令git tag可以查看所有标签。
--------------------------------------------------------------------------------------------------------------------------------
24.操作标签：

    命令git push origin <tagname>可以推送一个本地标签；

    命令git push origin --tags可以推送全部未推送过的本地标签；

    命令git tag -d <tagname>可以删除一个本地标签；

    命令git push origin :refs/tags/<tagname>可以删除一个远程标签。
---------------------------------------------------------------------------------------------------------------------------------



















